<html>
<body>
<pre>
<h1>µVision Build Log</h1>
<h2>Project:</h2>
E:\v23ce6k1\arm7-lpc2129\7segment\mins_sec\min_sec.uvproj
Project File Date:  04/01/2024

<h2>Output:</h2>
Rebuild target 'Target 1'
assembling Startup.s...
compiling min_sec.c...
min_sec.c(14): error:  #40: expected an identifier
min_sec.c(18): error:  #20: identifier "m" is undefined
min_sec.c(27): error:  #20: identifier "k" is undefined
min_sec.c(30): error:  #20: identifier "sg" is undefined
min_sec.c(42): error:  #20: identifier "k" is undefined
min_sec.c(45): error:  #20: identifier "sg" is undefined
Target not created
Rebuild target 'Target 1'
assembling Startup.s...
compiling min_sec.c...
min_sec.c(14): error:  #40: expected an identifier
min_sec.c(18): error:  #20: identifier "m" is undefined
min_sec.c(52): error:  #20: identifier "sg" is undefined
Target not created
Rebuild target 'Target 1'
assembling Startup.s...
compiling min_sec.c...
linking...
Program Size: Code=1500 RO-data=32 RW-data=12 ZI-data=1260  
"min_sec.axf" - 0 Error(s), 0 Warning(s).
Rebuild target 'Target 1'
assembling Startup.s...
compiling min_sec.c...
linking...
Program Size: Code=1772 RO-data=32 RW-data=12 ZI-data=1260  
FromELF: creating hex file...
"min_sec.axf" - 0 Error(s), 0 Warning(s).
Rebuild target 'Target 1'
assembling Startup.s...
compiling min_sec.c...
min_sec.c(34): error:  #20: identifier "IOCLR" is undefined
Target not created
Rebuild target 'Target 1'
assembling Startup.s...
compiling min_sec.c...
linking...
Program Size: Code=1724 RO-data=32 RW-data=12 ZI-data=1260  
FromELF: creating hex file...
"min_sec.axf" - 0 Error(s), 0 Warning(s).
Rebuild target 'Target 1'
assembling Startup.s...
compiling min_sec.c...
linking...
Program Size: Code=1728 RO-data=32 RW-data=12 ZI-data=1260  
FromELF: creating hex file...
"min_sec.axf" - 0 Error(s), 0 Warning(s).
Rebuild target 'Target 1'
assembling Startup.s...
compiling min_sec.c...
linking...
Program Size: Code=1728 RO-data=32 RW-data=12 ZI-data=1260  
FromELF: creating hex file...
"min_sec.axf" - 0 Error(s), 0 Warning(s).
Rebuild target 'Target 1'
assembling Startup.s...
compiling min_sec.c...
linking...
Program Size: Code=1728 RO-data=32 RW-data=12 ZI-data=1260  
FromELF: creating hex file...
"min_sec.axf" - 0 Error(s), 0 Warning(s).
Rebuild target 'Target 1'
assembling Startup.s...
compiling min_sec.c...
linking...
Program Size: Code=1728 RO-data=32 RW-data=12 ZI-data=1260  
FromELF: creating hex file...
"min_sec.axf" - 0 Error(s), 0 Warning(s).
